// Jest Snapshot v1, https://goo.gl/fbAQLP

exports[`components/Link should match snapshot 1`] = `
<div>
  <a
    class="chakra-link css-0"
    href="/#"
  />
</div>
`;
