// Jest Snapshot v1, https://goo.gl/fbAQLP

exports[`pages/register should render 1`] = `
<div>
  <div
    class="css-qy22cp"
  >
    <div
      class="css-1wb80v"
    >
      <div
        class="carousel slide"
      >
        <div
          class="carousel-indicators"
        >
          Testing
        </div>
        <div
          class="carousel-inner"
        >
          Testing
        </div>
        <a
          class="carousel-control-prev"
          href="#"
          role="button"
          tabindex="0"
        >
          <span
            aria-hidden="true"
            class="carousel-control-prev-icon"
          />
          <span
            class="visually-hidden"
          >
            Previous
          </span>
        </a>
        <a
          class="carousel-control-next"
          href="#"
          role="button"
          tabindex="0"
        >
          <span
            aria-hidden="true"
            class="carousel-control-next-icon"
          />
          <span
            class="visually-hidden"
          >
            Next
          </span>
        </a>
      </div>
    </div>
    <div
      class="css-b95f0i"
    />
  </div>
</div>
`;
