// Jest Snapshot v1, https://goo.gl/fbAQLP

exports[`features/SignIn should match snapshot 1`] = `<div />`;
